  Determining projects to restore...
C:\Program Files\dotnet\sdk\10.0.201\NuGet.targets(196,5): warning : Unable to find a project to restore! [C:\helios-platform\HELIOS.Platform.slnx]

Build succeeded.

C:\Program Files\dotnet\sdk\10.0.201\NuGet.targets(196,5): warning : Unable to find a project to restore! [C:\helios-platform\HELIOS.Platform.slnx]
    1 Warning(s)
    0 Error(s)

Time Elapsed 00:00:00.08
